// Jest Snapshot v1, https://goo.gl/fbAQLP

exports[`SubmitEvent snapshots SubmitEvent 1`] = `
<form
  className="Form"
  onSubmit={[Function]}
>
  <fieldset>
    <legend>
      Contact Info
    </legend>
    <label>
      Name:
      <input
        name="contactName"
        onChange={[MockFunction]}
        required={true}
        type="text"
        value="Joe"
      />
    </label>
    <label
      name="email"
    >
      Email:
      <input
        name="contactEmail"
        onChange={[MockFunction]}
        required={true}
        type="email"
        value="joe@email.com"
      />
    </label>
    <label>
      Phone #:
      <input
        name="contactPhone"
        onChange={[MockFunction]}
        required={true}
        type="tel"
        value="555-123-4567"
      />
    </label>
  </fieldset>
  <fieldset>
    <legend>
      Event Info
    </legend>
    <label>
      Name:
      <input
        name="name"
        onChange={[MockFunction]}
        type="text"
        value="House Event"
      />
    </label>
    <label>
      Date:
      <input
        name="date"
        onChange={[MockFunction]}
        required={true}
        type="date"
        value="Fri Mar 29 2019 08:53:35 GMT-0700 (Pacific Daylight Time)"
      />
    </label>
    <label>
      Time:
      <input
        name="time"
        onChange={[MockFunction]}
        required={true}
        type="time"
        value="2pm"
      />
    </label>
    <label>
      Location:
      <input
        name="locationVenue"
        onChange={[MockFunction]}
        placeholder="Venue"
        required={true}
        type="text"
        value="My House"
      />
      <input
        name="locationAddress"
        onChange={[MockFunction]}
        placeholder="Address"
        required={true}
        type="text"
        value="123 Main St."
      />
      <input
        name="locationCity"
        onChange={[MockFunction]}
        placeholder="City"
        type="text"
        value="Portland"
      />
      <input
        name="locationState"
        onChange={[MockFunction]}
        placeholder="State"
        type="state"
        value="OR"
      />
      <input
        name="locationZipcode"
        onChange={[MockFunction]}
        placeholder="Zipcode"
        type="zipcode"
        value={97223}
      />
    </label>
    <label>
      Price:
      <input
        name="price"
        onChange={[MockFunction]}
        placeholder="$"
        required={true}
        type="number"
        value={250}
      />
    </label>
    <label
      className="radio"
    >
      Reduced Rate Available:
      <input
        onChange={[MockFunction]}
        type="checkbox"
      />
    </label>
    <label>
      Age Range:
      <input
        name="minAge"
        onChange={[MockFunction]}
        placeholder="Min Age"
        required={true}
        type="number"
      />
      <input
        name="maxAge"
        onChange={[MockFunction]}
        placeholder="Max Age"
        required={true}
        type="number"
      />
    </label>
    <label>
      Category:
      <select
        name="category"
        onChange={[MockFunction]}
        required={true}
        value="Art"
      >
        <option
          hidden={true}
          value="DEFAULT"
        >
          Category
        </option>
        <option
          value="sports"
        >
          Sports
        </option>
        <option
          value="arts"
        >
          Art
        </option>
        <option
          value="music"
        >
          Music
        </option>
        <option
          value="performance"
        >
          Performance
        </option>
        <option
          value="educational"
        >
          Educational
        </option>
        <option
          value="volunteer"
        >
          Volunteer
        </option>
      </select>
    </label>
    <label>
      Description
      <textarea
        name="description"
        onChange={[MockFunction]}
        required={true}
        value="The bestest event"
      />
    </label>
  </fieldset>
  <button>
    SUBMIT
  </button>
</form>
`;
