// Jest Snapshot v1, https://goo.gl/fbAQLP

exports[`Footer matches snapshot for Footer 1`] = `
<section
  className="Footer"
>
  <a
    href="/aboutus"
  >
    About Us
  </a>
</section>
`;
