// Jest Snapshot v1, https://goo.gl/fbAQLP

exports[`Contact snapshots Contact 1`] = `
<section
  className="Contact"
>
  <h1>
    Kids Too Inc.
  </h1>
  <p>
    <strong>
      Address:
    </strong>
     200 Happy Place, Portland OR 97003
  </p>
  <p>
    <strong>
      Phone: 
    </strong>
     (503) 200 400
  </p>
  <p>
    <strong>
      Email:
    </strong>
     kidstoo@gmail.com
  </p>
</section>
`;
